[{"EAX": "0x1", "has_loop": false}, {"EAX": "0x2", "has_loop": false}]
