[{"EAX": "0x3", "has_loop": false}, {"EAX": "0x4", "has_loop": false}]
