[{"has_loop": false, "EAX": "0x1", "EBX": "0x3", "satisfiability": true, "constraints": {"zf_init": "0x0"}}, {"has_loop": false, "EAX": "0x2", "EBX": "0x3", "satisfiability": false, "constraints": {}}, {"has_loop": false, "EAX": "0x1", "EBX": "0x4", "satisfiability": false, "constraints": {}}, {"has_loop": false, "EAX": "0x2", "EBX": "0x4", "satisfiability": true, "constraints": {"zf_init": "0x1"}}]
