[{"EAX": "0x1", "ECX": "0x2", "has_loop": false}]
