[{"has_loop": false, "EAX": "EBX_init", "satisfiability": true, "constraints": {}}, {"has_loop": true, "EAX": "EBX_init", "satisfiability": false, "constraints": {}}]
