[{"EAX": "0x3", "has_loop": false}, {"EAX": "0x5", "has_loop": true}]
