[{"has_loop": false, "EAX": "0x1", "constraints": {}, "satisfiability": true, "ECX": "0x2"}]
