[{"has_loop": false, "EAX": "0x1", "EBX": "0x2", "satisfiability": true, "constraints": {}}, {"has_loop": false, "EAX": "0x3", "EBX": "0x4", "satisfiability": true, "constraints": {}}]
