[{"EAX": "0x1", "EBX": "0x2", "has_loop": false},
 {"EAX": "0x3", "EBX": "0x4", "has_loop": false}]
