[{"has_loop": false, "constraints": {}, "satisfiability": true, "ECX": "0x2"}]
